// Jest Snapshot v1, https://goo.gl/fbAQLP

exports[`matches snapshot 1`] = `
<DocumentFragment>
  <img
    alt="playing card"
    class="PlayingCard Card"
  />
</DocumentFragment>
`;
